Begin Time: Tue Jun 24 23:36:32 CST 2025
Dirretory is: /public/home/xjf/code_tmp/REANN-github-0408-Z/reann_test2502_stress_add/h2o-test.t0
This job run on the nodes:
